(ARCTools Version 2.1.2)
 HexLoc     DecLoc    MachWord   Label        Instruction                Comment
                                              .org 2048                  
                                                                         
                                                                         
                                                                         
00000800  0000002048  8a000000                add %r0, %r0, %r5          ! cantidad de guardados
00000804  0000002052  8c002010                add %r0, 16, %r6           ! cant max vector
00000808  0000002056  8e000000                add %r0, %r0, %r7          ! indice de la posicion actual del vector
                                                                         
0000080c  0000002060                          pop %r1                    ! guardo la direc del periferico
0000080c  0000002060  c2038000                ld %r14, %r1               
00000810  0000002064  9c03a004                add %r14, 4, %r14          
                                                                         
00000814  0000002068            loop:                                    
00000818  0000002072  80a18005                subcc %r6, %r5, %r0        ! sigo teniendo lugar
0000081c  0000002076  0280000a                be 10                      ! se prende cuando es 0
00000820  0000002080  c4004000                ld %r1, %r2                ! me guardo el valor del periferico 
                                                                         ! asumimos que se va actualizando solo	
                                                                         
00000824  0000002084  8738a00c                sra %r2, 12, %r3           ! me guardo las A
                                                                         
00000000  0000000000                          sla                        
ERROR on line above: Unknown macro: sla
00000828  0000002088  89392014                sra %r4, 20, %r4           ! me guardo las B	
                                                                         
0000082c  0000002092  80810000                addcc %r4, %r0, %r0        ! seteamos flags para el numero de 12
00000830  0000002096  0cbffff9                bneg -7                    
00000834  0000002100  c801ebb8                ld [3000], %r7, %r4        ! guardo el valor positivo
00000838  0000002104  8e01e004                add %r7, 4, %r7            ! avanzo de posicion
0000083c  0000002108  8a016001                add %r5, 1, %r5            ! aumento los guardados
00000840  0000002112  10bffff5                ba -11                     
                                                                         
00000844  0000002116            exit:                                    
00000848  0000002120  81c3e004                jmpl %r15, 4, %r0          
                                                                         
                                              .org 3000                  
00000bb8  0000003000            array:        .dwb 16                    
                                                                         

--- Symbol Table ---
loop: 2068
exit: 2116
array: 3000
