(ARCTools Version 2.1.2)
 HexLoc     DecLoc    MachWord   Label        Instruction                Comment
                                              .org 2048                  
                                                                         
                                              .equ 00000h                
                                              .equ 010h                  
                                                                         
                                                                         
                                                                         
00000800  0000002048  03000000  main:         sethi 0, %r1               
00000804  0000002052  83286002                sll %r1, 2, %r1            
00000808  0000002056  82006010                add %r1, 16, %r1           ! guardo la direccion del periferico
                                                                         
0000080c  0000002060  c4004000                ld %r1, %r2                ! leo la palabra y la guardo
00000810  0000002064                          push %r2                   ! guardo en la pila
00000810  0000002064  9c03bffc                add %r14, -4, %r14         
00000814  0000002068  c4238000                st %r2, %r14               
00000818  0000002072  40000008                call 8                     
                                                                         
0000081c  0000002076                          pop %r2                    ! agarro los dos numeros
0000081c  0000002076  c4038000                ld %r14, %r2               
00000820  0000002080  9c03a004                add %r14, 4, %r14          
00000824  0000002084                          pop %r3                    
00000824  0000002084  c6038000                ld %r14, %r3               
00000828  0000002088  9c03a004                add %r14, 4, %r14          
                                                                         
0000082c  0000002092  90008003                add %r2, %r3, %r8          ! sumo 
00000830  0000002096  d0204000                st %r8, %r1                ! guardo en periferico
                                                                         
00000834  0000002100  81c3e004                jmpl %r15, 4, %r0          
                                                                         
00000838  0000002104            split_numbers:                             
0000083c  0000002108  86008000                add %r2, %r0, %r3          ! me hago una copia del numero leido
                                                                         
00000840  0000002112  8528a010                sll %r2, 16, %r2           
00000844  0000002116  8538a010                sra %r2, 16, %r2           ! me guardo los 16 menos significativos
                                                                         
00000848  0000002120  8738e010                sra %r3, 16, %r3           ! me guardo los 16 mas significativos
                                                                         
0000084c  0000002124                          push %r2                   
0000084c  0000002124  9c03bffc                add %r14, -4, %r14         
00000850  0000002128  c4238000                st %r2, %r14               
00000854  0000002132                          push %r3                   ! devuelvo los numeros separados
00000854  0000002132  9c03bffc                add %r14, -4, %r14         
00000858  0000002136  c6238000                st %r3, %r14               
                                                                         
0000085c  0000002140  81c3e004                jmpl %r15, 4, %r0          ! vuelvo al main

--- Symbol Table ---
main: 2048
split_numbers: 2104
PPIO_PERIFERICO: 0
FIN_PERIFERICO: 16
