(ARCTools Version 2.1.2)
 HexLoc     DecLoc    MachWord   Label        Instruction                Comment
                                              .org 2048                  
                                                                         
                                                                         
                                                                         
                                              .equ 00000h                
                                              .equ 010h                  
                                                                         
                                                                         
00000800  0000002048            main:                                    
00000804  0000002052  03000000                sethi 0, %r1               
00000808  0000002056  83286002                sll %r1, 2, %r1            
0000080c  0000002060  82006010                add %r1, 16, %r1           ! guardo la direccion del periferico
                                                                         
00000810  0000002064  84002002                add %r0, 2, %r2            ! tope de lecturas
00000814  0000002068  86002030                add %r0, 48, %r3           ! guardo la direccion del array
00000818  0000002072  88000000                add %r0, %r0, %r4          ! inicializo valor del promedio
0000081c  0000002076  8c002030                add %r0, 48, %r6           ! me hago una copia de la direccion del array
00000820  0000002080  8e000000                add %r0, %r0, %r7          ! inicializo registro para verificar overflow
                                                                         
00000824  0000002084            loop_lectura:                             
00000828  0000002088  84a0a001                subcc %r2, 1, %r2          ! me fijo si tengo que seguir recorriendo elementos
0000082c  0000002092  0c800008                bneg 8                     ! termine de leer
                                                                         
00000830  0000002096  d0004000                ld %r1, %r8                ! cargo valor del elemento del periferico
00000834  0000002100  d020c000                st %r8, %r3                ! guardo en la direccion del array el elemento
00000838  0000002104  8600e004                add %r3, 4, %r3            ! avanzo al sig elemento del vector	
0000083c  0000002108  10bffffa                ba -6                      
                                                                         
00000840  0000002112                          push %r4                   ! devuelvo el promedio         
00000840  0000002112  9c03bffc                add %r14, -4, %r14         
00000844  0000002116  c8238000                st %r4, %r14               
00000848  0000002120  81c3e004                jmpl %r15, 4, %r0          
                                                                         
0000084c  0000002124            exit_loop:                               
00000850  0000002128                          push %r6                   ! mando direccion del arreglo             
00000850  0000002128  9c03bffc                add %r14, -4, %r14         
00000854  0000002132  cc238000                st %r6, %r14               
00000858  0000002136  a003c000                add %r15, %r0, %r16        ! backup del pc
0000085c  0000002140  40000001                call 1                     
                                                                         
00000860  0000002144            calcular_promedio:                             
00000864  0000002148                          pop %r6                    ! agarro direc del arreglo        
00000864  0000002148  cc038000                ld %r14, %r6               
00000868  0000002152  9c03a004                add %r14, 4, %r14          
0000086c  0000002156  84002002                add %r0, 2, %r2            ! vuelvo a setear el tope del array	
                                                                         
00000870  0000002160            loop_promedio:                             
00000874  0000002164  84a0a001                subcc %r2, 1, %r2          ! tengo que seguir iterando?
00000878  0000002168  0c800008                bneg 8                     
0000087c  0000002172  d0018000                ld %r6, %r8                ! me guardo el elemento actual en r8
00000880  0000002176  88820004                addcc %r8, %r4, %r4        ! sumo los elementos en el acumulador del promedio
00000884  0000002180  1e800002                bvc 2                      ! no excedio limite		
00000888  0000002184  8e01e001                add %r7, 1, %r7            ! aviso que hubo overflow
                                                                         
0000088c  0000002188            entra_en_rango:                             
00000890  0000002192  8c01a004                add %r6, 4, %r6            ! avanzo de posicion en el vector 
00000894  0000002196  10bffff7                ba -9                      
                                                                         
00000898  0000002200            fin_del_programa:                             
0000089c  0000002204  89392001                sra %r4, 1, %r4            ! divido por 2
                                                                         
                                                                         
000008a0  0000002208  80a00007                subcc %r0, %r7, %r0        ! seteo flags
000008a4  0000002212  02800002                be 2                       ! si son iguales es porque nunca setee el 1 del overflow 
000008a8  0000002216  88000000                add %r0, %r0, %r4          ! devuelvo 0 porque hubo overflow
                                                                         
000008ac  0000002220            sin_overflow:                             
000008b0  0000002224                          push %r4                   
000008b0  0000002224  9c03bffc                add %r14, -4, %r14         
000008b4  0000002228  c8238000                st %r4, %r14               
000008b8  0000002232  81c42004                jmpl %r16, 4, %r0          
                                                                         
                                              .org 48                    ! = 00000030h
00000030  0000000048            array:        .dwb 2                     

--- Symbol Table ---
PPIO_PERIFERICO: 0
main: 2048
fin_del_programa: 2200
loop_promedio: 2160
array: 48
FIN_PERIFERICO: 16
loop_lectura: 2084
sin_overflow: 2220
calcular_promedio: 2144
exit_loop: 2124
entra_en_rango: 2188
